******************************************************************************
            TI ARM Clang Linker PC v4.0.3                      
******************************************************************************
>> Linked Sat Jun 28 12:17:25 2025

OUTPUT FILE NAME:   <empty_LP_MSPM0G3507_nortos_ticlang.out>
ENTRY POINT SYMBOL: "_c_int00_noargs"  address: 00002211


MEMORY CONFIGURATION

         name            origin    length      used     unused   attr    fill
----------------------  --------  ---------  --------  --------  ----  --------
  FLASH                 00000000   00020000  000025f8  0001da08  R  X
  SRAM                  20200000   00008000  000002f5  00007d0b  RW X
  BCR_CONFIG            41c00000   000000ff  00000000  000000ff  R   
  BSL_CONFIG            41c00100   00000080  00000000  00000080  R   


SEGMENT ALLOCATION MAP

run origin  load origin   length   init length attrs members
----------  ----------- ---------- ----------- ----- -------
00000000    00000000    000025f8   000025f8    r-x
  00000000    00000000    000000c0   000000c0    r-- .intvecs
  000000c0    000000c0    00002390   00002390    r-x .text
  00002450    00002450    00000160   00000160    r-- .rodata
  000025b0    000025b0    00000048   00000048    r-- .cinit
20200000    20200000    000000f9   00000000    rw-
  20200000    20200000    000000bc   00000000    rw- .bss
  202000c0    202000c0    00000039   00000000    rw- .data
20207e00    20207e00    00000200   00000000    rw-
  20207e00    20207e00    00000200   00000000    rw- .stack


SECTION ALLOCATION MAP

 output                                  attributes/
section   page    origin      length       input sections
--------  ----  ----------  ----------   ----------------
.intvecs   0    00000000    000000c0     
                  00000000    000000c0     startup_mspm0g350x_ticlang.o (.intvecs)

.text      0    000000c0    00002390     
                  000000c0    000009d0     libc.a : _printfi.c.obj (.text:__TI_printfi)
                  00000a90    00000220            : _printfi.c.obj (.text._pconv_a)
                  00000cb0    000001dc            : _printfi.c.obj (.text._pconv_g)
                  00000e8c    00000192     libclang_rt.builtins.a : adddf3.S.obj (.text.adddf3_subdf3)
                  0000101e    00000002     startup_mspm0g350x_ticlang.o (.text.Default_Handler)
                  00001020    0000013c     libc.a : _printfi.c.obj (.text.fcvt)
                  0000115c    00000120            : _printfi.c.obj (.text._pconv_e)
                  0000127c    0000010c     libclang_rt.builtins.a : divdf3.S.obj (.text.__divdf3)
                  00001388    00000104     driverlib.a : dl_timer.o (.text.DL_Timer_initFourCCPWMMode)
                  0000148c    000000e4     libclang_rt.builtins.a : muldf3.S.obj (.text.__muldf3)
                  00001570    000000d8     libc.a : s_scalbn.c.obj (.text.scalbn)
                  00001648    000000a2     libclang_rt.builtins.a : udivmoddi4.S.obj (.text)
                  000016ea    0000009a     libc.a : memcpy16.S.obj (.text:memcpy)
                  00001784    0000007c            : copy_decompress_lzss.c.obj (.text:decompress:lzss)
                  00001800    00000074     libclang_rt.builtins.a : comparedf2.c.obj (.text.__gedf2)
                  00001874    00000070     ti_msp_dl_config.o (.text.SYSCFG_DL_UART_0_init)
                  000018e4    00000068     ti_msp_dl_config.o (.text.SYSCFG_DL_PWM_0_init)
                  0000194c    00000068     libclang_rt.builtins.a : comparedf2.c.obj (.text.__ledf2)
                  000019b4    00000066     libc.a : _printfi.c.obj (.text._mcpy)
                  00001a1a    00000002     libclang_rt.builtins.a : aeabi_div0.c.obj (.text.__aeabi_idiv0)
                  00001a1c    00000062                            : aeabi_dcmp.S.obj (.text.__aeabi_dcmp)
                  00001a7e    00000062     libc.a : memset16.S.obj (.text:memset)
                  00001ae0    00000060     ti_msp_dl_config.o (.text.SYSCFG_DL_UART_1_init)
                  00001b40    0000005c     ti_msp_dl_config.o (.text.SYSCFG_DL_GPIO_init)
                  00001b9c    0000005c     libc.a : s_frexp.c.obj (.text.frexp)
                  00001bf8    00000058            : _ltoa.c.obj (.text.__TI_ltoa)
                  00001c50    00000058            : _printfi.c.obj (.text._pconv_f)
                  00001ca8    00000056     libclang_rt.builtins.a : aeabi_idivmod.S.obj (.text.__aeabi_idivmod)
                  00001cfe    00000002                            : aeabi_div0.c.obj (.text.__aeabi_ldiv0)
                  00001d00    00000054     my_uart.o (.text.uart0_printf)
                  00001d54    00000052     libc.a : _printfi.c.obj (.text._ecpy)
                  00001da6    00000002     --HOLE-- [fill = 0]
                  00001da8    00000050     empty.o (.text.main)
                  00001df8    0000004c     key.o (.text.key_proc)
                  00001e44    0000004a     libclang_rt.builtins.a : fixdfsi.S.obj (.text.__fixdfsi)
                  00001e8e    00000002     --HOLE-- [fill = 0]
                  00001e90    00000048     driverlib.a : dl_uart.o (.text.DL_UART_init)
                  00001ed8    00000048     ti_msp_dl_config.o (.text.SYSCFG_DL_initPower)
                  00001f20    00000040     libclang_rt.builtins.a : aeabi_uidivmod.S.obj (.text.__aeabi_uidivmod)
                  00001f60    00000040     libc.a : atoi.c.obj (.text.atoi)
                  00001fa0    00000040     my_scheduler.o (.text.scheduler_run)
                  00001fe0    00000040     libc.a : vsnprintf.c.obj (.text.vsnprintf)
                  00002020    0000003c     ti_msp_dl_config.o (.text.SYSCFG_DL_SYSCTL_init)
                  0000205c    0000003c     libc.a : autoinit.c.obj (.text:__TI_auto_init_nobinit_nopinit)
                  00002098    0000003a     libclang_rt.builtins.a : muldsi3.S.obj (.text.__muldsi3)
                  000020d2    00000002     --HOLE-- [fill = 0]
                  000020d4    00000030     ti_msp_dl_config.o (.text.SYSCFG_DL_SYSTICK_init)
                  00002104    00000030     libc.a : _printfi.c.obj (.text._fcpy)
                  00002134    00000030            : vsnprintf.c.obj (.text._outs)
                  00002164    0000002c     PWM.o (.text.PWM_proc)
                  00002190    0000002c     ti_msp_dl_config.o (.text.SYSCFG_DL_init)
                  000021bc    0000002c     libclang_rt.builtins.a : floatsidf.S.obj (.text.__floatsidf)
                  000021e8    00000028     empty.o (.text.UART0_IRQHandler)
                  00002210    00000028     libc.a : boot_cortex_m.c.obj (.text:_c_int00_noargs)
                  00002238    00000024     libclang_rt.builtins.a : muldi3.S.obj (.text.__muldi3)
                  0000225c    00000022     libc.a : memccpy.c.obj (.text.memccpy)
                  0000227e    00000002     --HOLE-- [fill = 0]
                  00002280    0000001e     libclang_rt.builtins.a : ashldi3.S.obj (.text.__ashldi3)
                  0000229e    00000002     --HOLE-- [fill = 0]
                  000022a0    0000001c     driverlib.a : dl_timer.o (.text.DL_Timer_setCaptCompUpdateMethod)
                  000022bc    0000001c                 : dl_timer.o (.text.DL_Timer_setClockConfig)
                  000022d8    0000001c     my_uart.o (.text.uart0_send_char)
                  000022f4    00000018     driverlib.a : dl_timer.o (.text.DL_Timer_setCaptureCompareOutCtl)
                  0000230c    00000018     my_uwtick.o (.text.SysTick_Handler)
                  00002324    00000018     libc.a : vsnprintf.c.obj (.text._outc)
                  0000233c    00000016            : copy_zero_init.c.obj (.text:decompress:ZI:__TI_zero_init_nomemset)
                  00002352    00000002     --HOLE-- [fill = 0]
                  00002354    00000014     libclang_rt.builtins.a : aeabi_uldivmod.S.obj (.text.__aeabi_uldivmod)
                  00002368    00000014     libc.a : _printfi.c.obj (.text.strchr)
                  0000237c    00000012     driverlib.a : dl_uart.o (.text.DL_UART_setClockConfig)
                  0000238e    00000012     libc.a : copy_decompress_none.c.obj (.text:decompress:none)
                  000023a0    00000010     driverlib.a : dl_timer.o (.text.DL_Timer_setCaptureCompareValue)
                  000023b0    00000010     my_led.o (.text.toggle_led_proc)
                  000023c0    00000010     libc.a : wcslen.c.obj (.text.wcslen)
                  000023d0    0000000e     libclang_rt.builtins.a : aeabi_memset.S.obj (.text.__aeabi_memset)
                  000023de    0000000e     libc.a : _printfi.c.obj (.text.strlen)
                  000023ec    0000000c     my_uwtick.o (.text.get_tick)
                  000023f8    0000000a     driverlib.a : dl_common.o (.text.DL_Common_delayCycles)
                  00002402    0000000a     libc.a : _printfi.c.obj (.text.OUTLINED_FUNCTION_0)
                  0000240c    00000010     libclang_rt.builtins.a : adddf3.S.obj (.tramp.__aeabi_dsub.1)
                  0000241c    0000000a     libc.a : _printfi.c.obj (.text.OUTLINED_FUNCTION_1)
                  00002426    00000002     --HOLE-- [fill = 0]
                  00002428    00000008            : aeabi_portable.c.obj (.text.__aeabi_errno_addr)
                  00002430    00000008     libclang_rt.builtins.a : aeabi_memcpy.S.obj (.text.__aeabi_memcpy)
                  00002438    00000006     libc.a : exit.c.obj (.text:abort)
                  0000243e    00000004     libsysbm.a : hostexit.c.obj (.text.HOSTexit)
                  00002442    00000004     startup_mspm0g350x_ticlang.o (.text.Reset_Handler)
                  00002446    00000004     libc.a : pre_init.c.obj (.text._system_pre_init)
                  0000244a    00000006     --HOLE-- [fill = 0]

.cinit     0    000025b0    00000048     
                  000025b0    00000024     (.cinit..data.load) [load image, compression = lzss]
                  000025d4    0000000c     (__TI_handler_table)
                  000025e0    00000008     (.cinit..bss.load) [load image, compression = zero_init]
                  000025e8    00000010     (__TI_cinit_table)

.rodata    0    00002450    00000160     
                  00002450    00000101     libc.a : aeabi_ctype.S.obj (.rodata:__aeabi_ctype_table_)
                  00002551    00000011            : _printfi.c.obj (.rodata.str1.10348868589481759720.1)
                  00002562    00000011            : _printfi.c.obj (.rodata.str1.15363888844622738466.1)
                  00002573    00000010     empty.o (.rodata.str1.9517790425240694019.1)
                  00002583    00000001     --HOLE-- [fill = 0]
                  00002584    0000000a     ti_msp_dl_config.o (.rodata.gUART_0Config)
                  0000258e    0000000a     ti_msp_dl_config.o (.rodata.gUART_1Config)
                  00002598    00000008     ti_msp_dl_config.o (.rodata.gPWM_0Config)
                  000025a0    00000003     ti_msp_dl_config.o (.rodata.gPWM_0ClockConfig)
                  000025a3    00000002     ti_msp_dl_config.o (.rodata.gUART_0ClockConfig)
                  000025a5    00000002     ti_msp_dl_config.o (.rodata.gUART_1ClockConfig)
                  000025a7    00000009     --HOLE-- [fill = 0]

.init_array 
*          0    00000000    00000000     UNINITIALIZED

.binit     0    00000000    00000000     

.bss       0    20200000    000000bc     UNINITIALIZED
                  20200000    000000bc     (.common:gPWM_0Backup)

.data      0    202000c0    00000039     UNINITIALIZED
                  202000c0    00000024     my_scheduler.o (.data.tasks)
                  202000e4    00000004     libc.a : aeabi_portable.c.obj (.data.__aeabi_errno)
                  202000e8    00000008     my_uwtick.o (.data.uwtick)
                  202000f0    00000002     PWM.o (.data.now_cmp)
                  202000f2    00000002     my_scheduler.o (.data.task_count)
                  202000f4    00000001     key.o (.data.key_down)
                  202000f5    00000001     key.o (.data.key_old)
                  202000f6    00000001     key.o (.data.key_up)
                  202000f7    00000001     key.o (.data.key_val)
                  202000f8    00000001     my_uart.o (.data.uart_data)

.stack     0    20207e00    00000200     UNINITIALIZED
                  20207e00    00000004     libc.a : boot_cortex_m.c.obj (.stack)
                  20207e04    000001fc     --HOLE--

__llvm_prf_cnts 
*          0    20200000    00000000     UNINITIALIZED

__llvm_prf_bits 
*          0    20200000    00000000     UNINITIALIZED

MODULE SUMMARY

       Module                         code   ro data   rw data
       ------                         ----   -------   -------
    .\
       ti_msp_dl_config.o             628    35        188    
       startup_mspm0g350x_ticlang.o   6      192       0      
       empty.o                        120    16        0      
    +--+------------------------------+------+---------+---------+
       Total:                         754    243       188    
                                                              
    .\my_includes\
       my_uart.o                      112    0         1      
       my_scheduler.o                 64     0         38     
       key.o                          76     0         4      
       PWM.o                          44     0         2      
       my_uwtick.o                    36     0         8      
       my_led.o                       16     0         0      
    +--+------------------------------+------+---------+---------+
       Total:                         348    0         53     
                                                              
    C:/ti/mspm0_sdk_2_05_00_05/source/ti/driverlib/lib/ticlang/m0p/mspm0g1x0x_g3x0x/driverlib.a
       dl_timer.o                     356    0         0      
       dl_uart.o                      90     0         0      
       dl_common.o                    10     0         0      
    +--+------------------------------+------+---------+---------+
       Total:                         456    0         0      
                                                              
    D:\TI_IDE\ccs\tools\compiler\ti-cgt-armllvm_4.0.3.LTS\lib\armv6m-ti-none-eabi/c/libc.a
       _printfi.c.obj                 4510   34        0      
       aeabi_ctype.S.obj              0      257       0      
       s_scalbn.c.obj                 216    0         0      
       memcpy16.S.obj                 154    0         0      
       vsnprintf.c.obj                136    0         0      
       copy_decompress_lzss.c.obj     124    0         0      
       memset16.S.obj                 98     0         0      
       s_frexp.c.obj                  92     0         0      
       _ltoa.c.obj                    88     0         0      
       atoi.c.obj                     64     0         0      
       autoinit.c.obj                 60     0         0      
       boot_cortex_m.c.obj            40     0         0      
       memccpy.c.obj                  34     0         0      
       copy_zero_init.c.obj           22     0         0      
       copy_decompress_none.c.obj     18     0         0      
       wcslen.c.obj                   16     0         0      
       aeabi_portable.c.obj           8      0         4      
       exit.c.obj                     6      0         0      
       pre_init.c.obj                 4      0         0      
    +--+------------------------------+------+---------+---------+
       Total:                         5690   291       4      
                                                              
    D:\TI_IDE\ccs\tools\compiler\ti-cgt-armllvm_4.0.3.LTS\lib\armv6m-ti-none-eabi/c/libsysbm.a
       hostexit.c.obj                 4      0         0      
    +--+------------------------------+------+---------+---------+
       Total:                         4      0         0      
                                                              
    D:\TI_IDE\ccs\tools\compiler\ti-cgt-armllvm_4.0.3.LTS\lib\armv6m-ti-none-eabi/libclang_rt.builtins.a
       adddf3.S.obj                   418    0         0      
       divdf3.S.obj                   268    0         0      
       muldf3.S.obj                   228    0         0      
       comparedf2.c.obj               220    0         0      
       udivmoddi4.S.obj               162    0         0      
       aeabi_dcmp.S.obj               98     0         0      
       aeabi_idivmod.S.obj            86     0         0      
       fixdfsi.S.obj                  74     0         0      
       aeabi_uidivmod.S.obj           64     0         0      
       muldsi3.S.obj                  58     0         0      
       floatsidf.S.obj                44     0         0      
       muldi3.S.obj                   36     0         0      
       ashldi3.S.obj                  30     0         0      
       aeabi_uldivmod.S.obj           20     0         0      
       aeabi_memset.S.obj             14     0         0      
       aeabi_memcpy.S.obj             8      0         0      
       aeabi_div0.c.obj               4      0         0      
    +--+------------------------------+------+---------+---------+
       Total:                         1832   0         0      
                                                              
       Stack:                         0      0         512    
       Linker Generated:              0      72        0      
    +--+------------------------------+------+---------+---------+
       Grand Total:                   9084   606       757    


LINKER GENERATED COPY TABLES

__TI_cinit_table @ 000025e8 records: 2, size/record: 8, table size: 16
	.data: load addr=000025b0, load size=00000024 bytes, run addr=202000c0, run size=00000039 bytes, compression=lzss
	.bss: load addr=000025e0, load size=00000008 bytes, run addr=20200000, run size=000000bc bytes, compression=zero_init


LINKER GENERATED HANDLER TABLE

__TI_handler_table @ 000025d4 records: 3, size/record: 4, table size: 12
	index: 0, handler: __TI_decompress_lzss
	index: 1, handler: __TI_decompress_none
	index: 2, handler: __TI_zero_init


FAR CALL TRAMPOLINES

callee name               trampoline name
   callee addr  tramp addr   call addr  call info
--------------  -----------  ---------  ----------------
__aeabi_dsub              $Tramp$TT$L$PI$$__aeabi_dsub
   00000e8d     0000240c     0000240a   libc.a : _printfi.c.obj (.text.OUTLINED_FUNCTION_0)

[1 trampolines]
[1 trampoline calls]


GLOBAL SYMBOLS: SORTED ALPHABETICALLY BY Name 

address   name                            
-------   ----                            
0000101f  ADC0_IRQHandler                 
0000101f  ADC1_IRQHandler                 
0000101f  AES_IRQHandler                  
0000243e  C$$EXIT                         
0000101f  CANFD0_IRQHandler               
0000101f  DAC0_IRQHandler                 
000023f9  DL_Common_delayCycles           
00001389  DL_Timer_initFourCCPWMMode      
000022a1  DL_Timer_setCaptCompUpdateMethod
000022f5  DL_Timer_setCaptureCompareOutCtl
000023a1  DL_Timer_setCaptureCompareValue 
000022bd  DL_Timer_setClockConfig         
00001e91  DL_UART_init                    
0000237d  DL_UART_setClockConfig          
0000101f  DMA_IRQHandler                  
0000101f  Default_Handler                 
0000101f  GROUP0_IRQHandler               
0000101f  GROUP1_IRQHandler               
0000243f  HOSTexit                        
0000101f  HardFault_Handler               
0000101f  I2C0_IRQHandler                 
0000101f  I2C1_IRQHandler                 
0000101f  NMI_Handler                     
00002165  PWM_proc                        
0000101f  PendSV_Handler                  
0000101f  RTC_IRQHandler                  
00002443  Reset_Handler                   
0000101f  SPI0_IRQHandler                 
0000101f  SPI1_IRQHandler                 
0000101f  SVC_Handler                     
00001b41  SYSCFG_DL_GPIO_init             
000018e5  SYSCFG_DL_PWM_0_init            
00002021  SYSCFG_DL_SYSCTL_init           
000020d5  SYSCFG_DL_SYSTICK_init          
00001875  SYSCFG_DL_UART_0_init           
00001ae1  SYSCFG_DL_UART_1_init           
00002191  SYSCFG_DL_init                  
00001ed9  SYSCFG_DL_initPower             
0000230d  SysTick_Handler                 
0000101f  TIMA0_IRQHandler                
0000101f  TIMA1_IRQHandler                
0000101f  TIMG0_IRQHandler                
0000101f  TIMG12_IRQHandler               
0000101f  TIMG6_IRQHandler                
0000101f  TIMG7_IRQHandler                
0000101f  TIMG8_IRQHandler                
000021e9  UART0_IRQHandler                
0000101f  UART1_IRQHandler                
0000101f  UART2_IRQHandler                
0000101f  UART3_IRQHandler                
20208000  __STACK_END                     
00000200  __STACK_SIZE                    
00000000  __TI_ATRegion0_region_sz        
00000000  __TI_ATRegion0_src_addr         
00000000  __TI_ATRegion0_trg_addr         
00000000  __TI_ATRegion1_region_sz        
00000000  __TI_ATRegion1_src_addr         
00000000  __TI_ATRegion1_trg_addr         
00000000  __TI_ATRegion2_region_sz        
00000000  __TI_ATRegion2_src_addr         
00000000  __TI_ATRegion2_trg_addr         
000025e8  __TI_CINIT_Base                 
000025f8  __TI_CINIT_Limit                
000025f8  __TI_CINIT_Warm                 
000025d4  __TI_Handler_Table_Base         
000025e0  __TI_Handler_Table_Limit        
0000205d  __TI_auto_init_nobinit_nopinit  
00001785  __TI_decompress_lzss            
0000238f  __TI_decompress_none            
00001bf9  __TI_ltoa                       
ffffffff  __TI_pprof_out_hndl             
000000c1  __TI_printfi                    
ffffffff  __TI_prof_data_size             
ffffffff  __TI_prof_data_start            
00000000  __TI_static_base__              
0000233d  __TI_zero_init_nomemset         
00000e97  __adddf3                        
00002450  __aeabi_ctype_table_            
00002450  __aeabi_ctype_table_C           
00001e45  __aeabi_d2iz                    
00000e97  __aeabi_dadd                    
00001a1d  __aeabi_dcmpeq                  
00001a59  __aeabi_dcmpge                  
00001a6d  __aeabi_dcmpgt                  
00001a45  __aeabi_dcmple                  
00001a31  __aeabi_dcmplt                  
0000127d  __aeabi_ddiv                    
0000148d  __aeabi_dmul                    
00000e8d  __aeabi_dsub                    
202000e4  __aeabi_errno                   
00002429  __aeabi_errno_addr              
000021bd  __aeabi_i2d                     
00001ca9  __aeabi_idiv                    
00001a1b  __aeabi_idiv0                   
00001ca9  __aeabi_idivmod                 
00001cff  __aeabi_ldiv0                   
00002281  __aeabi_llsl                    
00002239  __aeabi_lmul                    
00002431  __aeabi_memcpy                  
00002431  __aeabi_memcpy4                 
00002431  __aeabi_memcpy8                 
000023d1  __aeabi_memset                  
000023d1  __aeabi_memset4                 
000023d1  __aeabi_memset8                 
00001f21  __aeabi_uidiv                   
00001f21  __aeabi_uidivmod                
00002355  __aeabi_uldivmod                
00002281  __ashldi3                       
ffffffff  __binit__                       
0000194d  __cmpdf2                        
0000127d  __divdf3                        
0000194d  __eqdf2                         
00001e45  __fixdfsi                       
000021bd  __floatsidf                     
00001801  __gedf2                         
00001801  __gtdf2                         
0000194d  __ledf2                         
0000194d  __ltdf2                         
UNDEFED   __mpu_init                      
0000148d  __muldf3                        
00002239  __muldi3                        
00002099  __muldsi3                       
0000194d  __nedf2                         
20207e00  __stack                         
20200000  __start___llvm_prf_bits         
20200000  __start___llvm_prf_cnts         
20200000  __stop___llvm_prf_bits          
20200000  __stop___llvm_prf_cnts          
00000e8d  __subdf3                        
00001649  __udivmoddi4                    
00002211  _c_int00_noargs                 
UNDEFED   _system_post_cinit              
00002447  _system_pre_init                
00002439  abort                           
00001f61  atoi                            
ffffffff  binit                           
00001b9d  frexp                           
00001b9d  frexpl                          
20200000  gPWM_0Backup                    
000023ed  get_tick                        
00000000  interruptVectors                
202000f4  key_down                        
202000f5  key_old                         
00001df9  key_proc                        
202000f6  key_up                          
202000f7  key_val                         
00001571  ldexp                           
00001571  ldexpl                          
00001da9  main                            
0000225d  memccpy                         
000016eb  memcpy                          
00001a7f  memset                          
202000f0  now_cmp                         
00001571  scalbn                          
00001571  scalbnl                         
00001fa1  scheduler_run                   
202000f2  task_count                      
000023b1  toggle_led_proc                 
00001d01  uart0_printf                    
000022d9  uart0_send_char                 
202000f8  uart_data                       
202000e8  uwtick                          
00001fe1  vsnprintf                       
000023c1  wcslen                          


GLOBAL SYMBOLS: SORTED BY Symbol Address 

address   name                            
-------   ----                            
00000000  __TI_ATRegion0_region_sz        
00000000  __TI_ATRegion0_src_addr         
00000000  __TI_ATRegion0_trg_addr         
00000000  __TI_ATRegion1_region_sz        
00000000  __TI_ATRegion1_src_addr         
00000000  __TI_ATRegion1_trg_addr         
00000000  __TI_ATRegion2_region_sz        
00000000  __TI_ATRegion2_src_addr         
00000000  __TI_ATRegion2_trg_addr         
00000000  __TI_static_base__              
00000000  interruptVectors                
000000c1  __TI_printfi                    
00000200  __STACK_SIZE                    
00000e8d  __aeabi_dsub                    
00000e8d  __subdf3                        
00000e97  __adddf3                        
00000e97  __aeabi_dadd                    
0000101f  ADC0_IRQHandler                 
0000101f  ADC1_IRQHandler                 
0000101f  AES_IRQHandler                  
0000101f  CANFD0_IRQHandler               
0000101f  DAC0_IRQHandler                 
0000101f  DMA_IRQHandler                  
0000101f  Default_Handler                 
0000101f  GROUP0_IRQHandler               
0000101f  GROUP1_IRQHandler               
0000101f  HardFault_Handler               
0000101f  I2C0_IRQHandler                 
0000101f  I2C1_IRQHandler                 
0000101f  NMI_Handler                     
0000101f  PendSV_Handler                  
0000101f  RTC_IRQHandler                  
0000101f  SPI0_IRQHandler                 
0000101f  SPI1_IRQHandler                 
0000101f  SVC_Handler                     
0000101f  TIMA0_IRQHandler                
0000101f  TIMA1_IRQHandler                
0000101f  TIMG0_IRQHandler                
0000101f  TIMG12_IRQHandler               
0000101f  TIMG6_IRQHandler                
0000101f  TIMG7_IRQHandler                
0000101f  TIMG8_IRQHandler                
0000101f  UART1_IRQHandler                
0000101f  UART2_IRQHandler                
0000101f  UART3_IRQHandler                
0000127d  __aeabi_ddiv                    
0000127d  __divdf3                        
00001389  DL_Timer_initFourCCPWMMode      
0000148d  __aeabi_dmul                    
0000148d  __muldf3                        
00001571  ldexp                           
00001571  ldexpl                          
00001571  scalbn                          
00001571  scalbnl                         
00001649  __udivmoddi4                    
000016eb  memcpy                          
00001785  __TI_decompress_lzss            
00001801  __gedf2                         
00001801  __gtdf2                         
00001875  SYSCFG_DL_UART_0_init           
000018e5  SYSCFG_DL_PWM_0_init            
0000194d  __cmpdf2                        
0000194d  __eqdf2                         
0000194d  __ledf2                         
0000194d  __ltdf2                         
0000194d  __nedf2                         
00001a1b  __aeabi_idiv0                   
00001a1d  __aeabi_dcmpeq                  
00001a31  __aeabi_dcmplt                  
00001a45  __aeabi_dcmple                  
00001a59  __aeabi_dcmpge                  
00001a6d  __aeabi_dcmpgt                  
00001a7f  memset                          
00001ae1  SYSCFG_DL_UART_1_init           
00001b41  SYSCFG_DL_GPIO_init             
00001b9d  frexp                           
00001b9d  frexpl                          
00001bf9  __TI_ltoa                       
00001ca9  __aeabi_idiv                    
00001ca9  __aeabi_idivmod                 
00001cff  __aeabi_ldiv0                   
00001d01  uart0_printf                    
00001da9  main                            
00001df9  key_proc                        
00001e45  __aeabi_d2iz                    
00001e45  __fixdfsi                       
00001e91  DL_UART_init                    
00001ed9  SYSCFG_DL_initPower             
00001f21  __aeabi_uidiv                   
00001f21  __aeabi_uidivmod                
00001f61  atoi                            
00001fa1  scheduler_run                   
00001fe1  vsnprintf                       
00002021  SYSCFG_DL_SYSCTL_init           
0000205d  __TI_auto_init_nobinit_nopinit  
00002099  __muldsi3                       
000020d5  SYSCFG_DL_SYSTICK_init          
00002165  PWM_proc                        
00002191  SYSCFG_DL_init                  
000021bd  __aeabi_i2d                     
000021bd  __floatsidf                     
000021e9  UART0_IRQHandler                
00002211  _c_int00_noargs                 
00002239  __aeabi_lmul                    
00002239  __muldi3                        
0000225d  memccpy                         
00002281  __aeabi_llsl                    
00002281  __ashldi3                       
000022a1  DL_Timer_setCaptCompUpdateMethod
000022bd  DL_Timer_setClockConfig         
000022d9  uart0_send_char                 
000022f5  DL_Timer_setCaptureCompareOutCtl
0000230d  SysTick_Handler                 
0000233d  __TI_zero_init_nomemset         
00002355  __aeabi_uldivmod                
0000237d  DL_UART_setClockConfig          
0000238f  __TI_decompress_none            
000023a1  DL_Timer_setCaptureCompareValue 
000023b1  toggle_led_proc                 
000023c1  wcslen                          
000023d1  __aeabi_memset                  
000023d1  __aeabi_memset4                 
000023d1  __aeabi_memset8                 
000023ed  get_tick                        
000023f9  DL_Common_delayCycles           
00002429  __aeabi_errno_addr              
00002431  __aeabi_memcpy                  
00002431  __aeabi_memcpy4                 
00002431  __aeabi_memcpy8                 
00002439  abort                           
0000243e  C$$EXIT                         
0000243f  HOSTexit                        
00002443  Reset_Handler                   
00002447  _system_pre_init                
00002450  __aeabi_ctype_table_            
00002450  __aeabi_ctype_table_C           
000025d4  __TI_Handler_Table_Base         
000025e0  __TI_Handler_Table_Limit        
000025e8  __TI_CINIT_Base                 
000025f8  __TI_CINIT_Limit                
000025f8  __TI_CINIT_Warm                 
20200000  __start___llvm_prf_bits         
20200000  __start___llvm_prf_cnts         
20200000  __stop___llvm_prf_bits          
20200000  __stop___llvm_prf_cnts          
20200000  gPWM_0Backup                    
202000e4  __aeabi_errno                   
202000e8  uwtick                          
202000f0  now_cmp                         
202000f2  task_count                      
202000f4  key_down                        
202000f5  key_old                         
202000f6  key_up                          
202000f7  key_val                         
202000f8  uart_data                       
20207e00  __stack                         
20208000  __STACK_END                     
ffffffff  __TI_pprof_out_hndl             
ffffffff  __TI_prof_data_size             
ffffffff  __TI_prof_data_start            
ffffffff  __binit__                       
ffffffff  binit                           
UNDEFED   __mpu_init                      
UNDEFED   _system_post_cinit              

[164 symbols]
