******************************************************************************
            TI ARM Clang Linker PC v4.0.3                      
******************************************************************************
>> Linked Sat Jun 28 10:27:48 2025

OUTPUT FILE NAME:   <empty_LP_MSPM0G3507_nortos_ticlang.out>
ENTRY POINT SYMBOL: "_c_int00_noargs"  address: 00002195


MEMORY CONFIGURATION

         name            origin    length      used     unused   attr    fill
----------------------  --------  ---------  --------  --------  ----  --------
  FLASH                 00000000   00020000  00002568  0001da98  R  X
  SRAM                  20200000   00008000  000002f5  00007d0b  RW X
  BCR_CONFIG            41c00000   000000ff  00000000  000000ff  R   
  BSL_CONFIG            41c00100   00000080  00000000  00000080  R   


SEGMENT ALLOCATION MAP

run origin  load origin   length   init length attrs members
----------  ----------- ---------- ----------- ----- -------
00000000    00000000    00002568   00002568    r-x
  00000000    00000000    000000c0   000000c0    r-- .intvecs
  000000c0    000000c0    00002310   00002310    r-x .text
  000023d0    000023d0    00000150   00000150    r-- .rodata
  00002520    00002520    00000048   00000048    r-- .cinit
20200000    20200000    000000f9   00000000    rw-
  20200000    20200000    000000bc   00000000    rw- .bss
  202000c0    202000c0    00000039   00000000    rw- .data
20207e00    20207e00    00000200   00000000    rw-
  20207e00    20207e00    00000200   00000000    rw- .stack


SECTION ALLOCATION MAP

 output                                  attributes/
section   page    origin      length       input sections
--------  ----  ----------  ----------   ----------------
.intvecs   0    00000000    000000c0     
                  00000000    000000c0     startup_mspm0g350x_ticlang.o (.intvecs)

.text      0    000000c0    00002310     
                  000000c0    000009d0     libc.a : _printfi.c.obj (.text:__TI_printfi)
                  00000a90    00000220            : _printfi.c.obj (.text._pconv_a)
                  00000cb0    000001dc            : _printfi.c.obj (.text._pconv_g)
                  00000e8c    00000192     libclang_rt.builtins.a : adddf3.S.obj (.text.adddf3_subdf3)
                  0000101e    00000002     startup_mspm0g350x_ticlang.o (.text.Default_Handler)
                  00001020    0000013c     libc.a : _printfi.c.obj (.text.fcvt)
                  0000115c    00000120            : _printfi.c.obj (.text._pconv_e)
                  0000127c    0000010c     libclang_rt.builtins.a : divdf3.S.obj (.text.__divdf3)
                  00001388    00000104     driverlib.a : dl_timer.o (.text.DL_Timer_initFourCCPWMMode)
                  0000148c    000000e4     libclang_rt.builtins.a : muldf3.S.obj (.text.__muldf3)
                  00001570    000000d8     libc.a : s_scalbn.c.obj (.text.scalbn)
                  00001648    000000a2     libclang_rt.builtins.a : udivmoddi4.S.obj (.text)
                  000016ea    0000009a     libc.a : memcpy16.S.obj (.text:memcpy)
                  00001784    0000007c            : copy_decompress_lzss.c.obj (.text:decompress:lzss)
                  00001800    00000074     libclang_rt.builtins.a : comparedf2.c.obj (.text.__gedf2)
                  00001874    00000070     ti_msp_dl_config.o (.text.SYSCFG_DL_UART_0_init)
                  000018e4    0000006c     ti_msp_dl_config.o (.text.SYSCFG_DL_PWM_0_init)
                  00001950    00000068     libclang_rt.builtins.a : comparedf2.c.obj (.text.__ledf2)
                  000019b8    00000066     libc.a : _printfi.c.obj (.text._mcpy)
                  00001a1e    00000002     libclang_rt.builtins.a : aeabi_div0.c.obj (.text.__aeabi_idiv0)
                  00001a20    00000062                            : aeabi_dcmp.S.obj (.text.__aeabi_dcmp)
                  00001a82    00000062     libc.a : memset16.S.obj (.text:memset)
                  00001ae4    0000005c            : s_frexp.c.obj (.text.frexp)
                  00001b40    00000058            : _ltoa.c.obj (.text.__TI_ltoa)
                  00001b98    00000058            : _printfi.c.obj (.text._pconv_f)
                  00001bf0    00000056     libclang_rt.builtins.a : aeabi_idivmod.S.obj (.text.__aeabi_idivmod)
                  00001c46    00000002                            : aeabi_div0.c.obj (.text.__aeabi_ldiv0)
                  00001c48    00000054     my_uart.o (.text.uart0_printf)
                  00001c9c    00000052     libc.a : _printfi.c.obj (.text._ecpy)
                  00001cee    00000002     --HOLE-- [fill = 0]
                  00001cf0    00000050     empty.o (.text.main)
                  00001d40    0000004c     key.o (.text.key_proc)
                  00001d8c    0000004a     libclang_rt.builtins.a : fixdfsi.S.obj (.text.__fixdfsi)
                  00001dd6    00000002     --HOLE-- [fill = 0]
                  00001dd8    00000048     driverlib.a : dl_uart.o (.text.DL_UART_init)
                  00001e20    00000048     ti_msp_dl_config.o (.text.SYSCFG_DL_GPIO_init)
                  00001e68    00000040     ti_msp_dl_config.o (.text.SYSCFG_DL_initPower)
                  00001ea8    00000040     libclang_rt.builtins.a : aeabi_uidivmod.S.obj (.text.__aeabi_uidivmod)
                  00001ee8    00000040     libc.a : atoi.c.obj (.text.atoi)
                  00001f28    00000040     my_scheduler.o (.text.scheduler_run)
                  00001f68    00000040     libc.a : vsnprintf.c.obj (.text.vsnprintf)
                  00001fa8    0000003c     ti_msp_dl_config.o (.text.SYSCFG_DL_SYSCTL_init)
                  00001fe4    0000003c     libc.a : autoinit.c.obj (.text:__TI_auto_init_nobinit_nopinit)
                  00002020    0000003a     libclang_rt.builtins.a : muldsi3.S.obj (.text.__muldsi3)
                  0000205a    00000002     --HOLE-- [fill = 0]
                  0000205c    00000030     ti_msp_dl_config.o (.text.SYSCFG_DL_SYSTICK_init)
                  0000208c    00000030     libc.a : _printfi.c.obj (.text._fcpy)
                  000020bc    00000030            : vsnprintf.c.obj (.text._outs)
                  000020ec    0000002c     PWM.o (.text.PWM_proc)
                  00002118    0000002c     libclang_rt.builtins.a : floatsidf.S.obj (.text.__floatsidf)
                  00002144    00000028     ti_msp_dl_config.o (.text.SYSCFG_DL_init)
                  0000216c    00000028     empty.o (.text.UART0_IRQHandler)
                  00002194    00000028     libc.a : boot_cortex_m.c.obj (.text:_c_int00_noargs)
                  000021bc    00000024     libclang_rt.builtins.a : muldi3.S.obj (.text.__muldi3)
                  000021e0    00000022     libc.a : memccpy.c.obj (.text.memccpy)
                  00002202    00000002     --HOLE-- [fill = 0]
                  00002204    0000001e     libclang_rt.builtins.a : ashldi3.S.obj (.text.__ashldi3)
                  00002222    00000002     --HOLE-- [fill = 0]
                  00002224    0000001c     driverlib.a : dl_timer.o (.text.DL_Timer_setCaptCompUpdateMethod)
                  00002240    0000001c                 : dl_timer.o (.text.DL_Timer_setClockConfig)
                  0000225c    0000001c     my_uart.o (.text.uart0_send_char)
                  00002278    00000018     driverlib.a : dl_timer.o (.text.DL_Timer_setCaptureCompareOutCtl)
                  00002290    00000018     my_uwtick.o (.text.SysTick_Handler)
                  000022a8    00000018     libc.a : vsnprintf.c.obj (.text._outc)
                  000022c0    00000016            : copy_zero_init.c.obj (.text:decompress:ZI:__TI_zero_init_nomemset)
                  000022d6    00000002     --HOLE-- [fill = 0]
                  000022d8    00000014     libclang_rt.builtins.a : aeabi_uldivmod.S.obj (.text.__aeabi_uldivmod)
                  000022ec    00000014     libc.a : _printfi.c.obj (.text.strchr)
                  00002300    00000012     driverlib.a : dl_uart.o (.text.DL_UART_setClockConfig)
                  00002312    00000012     libc.a : copy_decompress_none.c.obj (.text:decompress:none)
                  00002324    00000010     driverlib.a : dl_timer.o (.text.DL_Timer_setCaptureCompareValue)
                  00002334    00000010     my_led.o (.text.toggle_led_proc)
                  00002344    00000010     libc.a : wcslen.c.obj (.text.wcslen)
                  00002354    0000000e     libclang_rt.builtins.a : aeabi_memset.S.obj (.text.__aeabi_memset)
                  00002362    0000000e     libc.a : _printfi.c.obj (.text.strlen)
                  00002370    0000000c     my_uwtick.o (.text.get_tick)
                  0000237c    0000000a     driverlib.a : dl_common.o (.text.DL_Common_delayCycles)
                  00002386    0000000a     libc.a : _printfi.c.obj (.text.OUTLINED_FUNCTION_0)
                  00002390    00000010     libclang_rt.builtins.a : adddf3.S.obj (.tramp.__aeabi_dsub.1)
                  000023a0    0000000a     libc.a : _printfi.c.obj (.text.OUTLINED_FUNCTION_1)
                  000023aa    00000002     --HOLE-- [fill = 0]
                  000023ac    00000008            : aeabi_portable.c.obj (.text.__aeabi_errno_addr)
                  000023b4    00000008     libclang_rt.builtins.a : aeabi_memcpy.S.obj (.text.__aeabi_memcpy)
                  000023bc    00000006     libc.a : exit.c.obj (.text:abort)
                  000023c2    00000004     libsysbm.a : hostexit.c.obj (.text.HOSTexit)
                  000023c6    00000004     startup_mspm0g350x_ticlang.o (.text.Reset_Handler)
                  000023ca    00000004     libc.a : pre_init.c.obj (.text._system_pre_init)
                  000023ce    00000002     --HOLE-- [fill = 0]

.cinit     0    00002520    00000048     
                  00002520    00000024     (.cinit..data.load) [load image, compression = lzss]
                  00002544    0000000c     (__TI_handler_table)
                  00002550    00000008     (.cinit..bss.load) [load image, compression = zero_init]
                  00002558    00000010     (__TI_cinit_table)

.rodata    0    000023d0    00000150     
                  000023d0    00000101     libc.a : aeabi_ctype.S.obj (.rodata:__aeabi_ctype_table_)
                  000024d1    00000011            : _printfi.c.obj (.rodata.str1.10348868589481759720.1)
                  000024e2    00000011            : _printfi.c.obj (.rodata.str1.15363888844622738466.1)
                  000024f3    00000010     empty.o (.rodata.str1.9517790425240694019.1)
                  00002503    00000001     --HOLE-- [fill = 0]
                  00002504    0000000a     ti_msp_dl_config.o (.rodata.gUART_0Config)
                  0000250e    00000002     ti_msp_dl_config.o (.rodata.gUART_0ClockConfig)
                  00002510    00000008     ti_msp_dl_config.o (.rodata.gPWM_0Config)
                  00002518    00000003     ti_msp_dl_config.o (.rodata.gPWM_0ClockConfig)
                  0000251b    00000005     --HOLE-- [fill = 0]

.init_array 
*          0    00000000    00000000     UNINITIALIZED

.binit     0    00000000    00000000     

.bss       0    20200000    000000bc     UNINITIALIZED
                  20200000    000000bc     (.common:gPWM_0Backup)

.data      0    202000c0    00000039     UNINITIALIZED
                  202000c0    00000024     my_scheduler.o (.data.tasks)
                  202000e4    00000004     libc.a : aeabi_portable.c.obj (.data.__aeabi_errno)
                  202000e8    00000008     my_uwtick.o (.data.uwtick)
                  202000f0    00000002     PWM.o (.data.now_cmp)
                  202000f2    00000002     my_scheduler.o (.data.task_count)
                  202000f4    00000001     key.o (.data.key_down)
                  202000f5    00000001     key.o (.data.key_old)
                  202000f6    00000001     key.o (.data.key_up)
                  202000f7    00000001     key.o (.data.key_val)
                  202000f8    00000001     my_uart.o (.data.uart_data)

.stack     0    20207e00    00000200     UNINITIALIZED
                  20207e00    00000004     libc.a : boot_cortex_m.c.obj (.stack)
                  20207e04    000001fc     --HOLE--

__llvm_prf_cnts 
*          0    20200000    00000000     UNINITIALIZED

__llvm_prf_bits 
*          0    20200000    00000000     UNINITIALIZED

MODULE SUMMARY

       Module                         code   ro data   rw data
       ------                         ----   -------   -------
    .\
       ti_msp_dl_config.o             504    23        188    
       startup_mspm0g350x_ticlang.o   6      192       0      
       empty.o                        120    16        0      
    +--+------------------------------+------+---------+---------+
       Total:                         630    231       188    
                                                              
    .\my_includes\
       my_uart.o                      112    0         1      
       my_scheduler.o                 64     0         38     
       key.o                          76     0         4      
       PWM.o                          44     0         2      
       my_uwtick.o                    36     0         8      
       my_led.o                       16     0         0      
    +--+------------------------------+------+---------+---------+
       Total:                         348    0         53     
                                                              
    C:/ti/mspm0_sdk_2_05_00_05/source/ti/driverlib/lib/ticlang/m0p/mspm0g1x0x_g3x0x/driverlib.a
       dl_timer.o                     356    0         0      
       dl_uart.o                      90     0         0      
       dl_common.o                    10     0         0      
    +--+------------------------------+------+---------+---------+
       Total:                         456    0         0      
                                                              
    D:\TI_IDE\ccs\tools\compiler\ti-cgt-armllvm_4.0.3.LTS\lib\armv6m-ti-none-eabi/c/libc.a
       _printfi.c.obj                 4510   34        0      
       aeabi_ctype.S.obj              0      257       0      
       s_scalbn.c.obj                 216    0         0      
       memcpy16.S.obj                 154    0         0      
       vsnprintf.c.obj                136    0         0      
       copy_decompress_lzss.c.obj     124    0         0      
       memset16.S.obj                 98     0         0      
       s_frexp.c.obj                  92     0         0      
       _ltoa.c.obj                    88     0         0      
       atoi.c.obj                     64     0         0      
       autoinit.c.obj                 60     0         0      
       boot_cortex_m.c.obj            40     0         0      
       memccpy.c.obj                  34     0         0      
       copy_zero_init.c.obj           22     0         0      
       copy_decompress_none.c.obj     18     0         0      
       wcslen.c.obj                   16     0         0      
       aeabi_portable.c.obj           8      0         4      
       exit.c.obj                     6      0         0      
       pre_init.c.obj                 4      0         0      
    +--+------------------------------+------+---------+---------+
       Total:                         5690   291       4      
                                                              
    D:\TI_IDE\ccs\tools\compiler\ti-cgt-armllvm_4.0.3.LTS\lib\armv6m-ti-none-eabi/c/libsysbm.a
       hostexit.c.obj                 4      0         0      
    +--+------------------------------+------+---------+---------+
       Total:                         4      0         0      
                                                              
    D:\TI_IDE\ccs\tools\compiler\ti-cgt-armllvm_4.0.3.LTS\lib\armv6m-ti-none-eabi/libclang_rt.builtins.a
       adddf3.S.obj                   418    0         0      
       divdf3.S.obj                   268    0         0      
       muldf3.S.obj                   228    0         0      
       comparedf2.c.obj               220    0         0      
       udivmoddi4.S.obj               162    0         0      
       aeabi_dcmp.S.obj               98     0         0      
       aeabi_idivmod.S.obj            86     0         0      
       fixdfsi.S.obj                  74     0         0      
       aeabi_uidivmod.S.obj           64     0         0      
       muldsi3.S.obj                  58     0         0      
       floatsidf.S.obj                44     0         0      
       muldi3.S.obj                   36     0         0      
       ashldi3.S.obj                  30     0         0      
       aeabi_uldivmod.S.obj           20     0         0      
       aeabi_memset.S.obj             14     0         0      
       aeabi_memcpy.S.obj             8      0         0      
       aeabi_div0.c.obj               4      0         0      
    +--+------------------------------+------+---------+---------+
       Total:                         1832   0         0      
                                                              
       Stack:                         0      0         512    
       Linker Generated:              0      72        0      
    +--+------------------------------+------+---------+---------+
       Grand Total:                   8960   594       757    


LINKER GENERATED COPY TABLES

__TI_cinit_table @ 00002558 records: 2, size/record: 8, table size: 16
	.data: load addr=00002520, load size=00000024 bytes, run addr=202000c0, run size=00000039 bytes, compression=lzss
	.bss: load addr=00002550, load size=00000008 bytes, run addr=20200000, run size=000000bc bytes, compression=zero_init


LINKER GENERATED HANDLER TABLE

__TI_handler_table @ 00002544 records: 3, size/record: 4, table size: 12
	index: 0, handler: __TI_decompress_lzss
	index: 1, handler: __TI_decompress_none
	index: 2, handler: __TI_zero_init


FAR CALL TRAMPOLINES

callee name               trampoline name
   callee addr  tramp addr   call addr  call info
--------------  -----------  ---------  ----------------
__aeabi_dsub              $Tramp$TT$L$PI$$__aeabi_dsub
   00000e8d     00002390     0000238e   libc.a : _printfi.c.obj (.text.OUTLINED_FUNCTION_0)

[1 trampolines]
[1 trampoline calls]


GLOBAL SYMBOLS: SORTED ALPHABETICALLY BY Name 

address   name                            
-------   ----                            
0000101f  ADC0_IRQHandler                 
0000101f  ADC1_IRQHandler                 
0000101f  AES_IRQHandler                  
000023c2  C$$EXIT                         
0000101f  CANFD0_IRQHandler               
0000101f  DAC0_IRQHandler                 
0000237d  DL_Common_delayCycles           
00001389  DL_Timer_initFourCCPWMMode      
00002225  DL_Timer_setCaptCompUpdateMethod
00002279  DL_Timer_setCaptureCompareOutCtl
00002325  DL_Timer_setCaptureCompareValue 
00002241  DL_Timer_setClockConfig         
00001dd9  DL_UART_init                    
00002301  DL_UART_setClockConfig          
0000101f  DMA_IRQHandler                  
0000101f  Default_Handler                 
0000101f  GROUP0_IRQHandler               
0000101f  GROUP1_IRQHandler               
000023c3  HOSTexit                        
0000101f  HardFault_Handler               
0000101f  I2C0_IRQHandler                 
0000101f  I2C1_IRQHandler                 
0000101f  NMI_Handler                     
000020ed  PWM_proc                        
0000101f  PendSV_Handler                  
0000101f  RTC_IRQHandler                  
000023c7  Reset_Handler                   
0000101f  SPI0_IRQHandler                 
0000101f  SPI1_IRQHandler                 
0000101f  SVC_Handler                     
00001e21  SYSCFG_DL_GPIO_init             
000018e5  SYSCFG_DL_PWM_0_init            
00001fa9  SYSCFG_DL_SYSCTL_init           
0000205d  SYSCFG_DL_SYSTICK_init          
00001875  SYSCFG_DL_UART_0_init           
00002145  SYSCFG_DL_init                  
00001e69  SYSCFG_DL_initPower             
00002291  SysTick_Handler                 
0000101f  TIMA0_IRQHandler                
0000101f  TIMA1_IRQHandler                
0000101f  TIMG0_IRQHandler                
0000101f  TIMG12_IRQHandler               
0000101f  TIMG6_IRQHandler                
0000101f  TIMG7_IRQHandler                
0000101f  TIMG8_IRQHandler                
0000216d  UART0_IRQHandler                
0000101f  UART1_IRQHandler                
0000101f  UART2_IRQHandler                
0000101f  UART3_IRQHandler                
20208000  __STACK_END                     
00000200  __STACK_SIZE                    
00000000  __TI_ATRegion0_region_sz        
00000000  __TI_ATRegion0_src_addr         
00000000  __TI_ATRegion0_trg_addr         
00000000  __TI_ATRegion1_region_sz        
00000000  __TI_ATRegion1_src_addr         
00000000  __TI_ATRegion1_trg_addr         
00000000  __TI_ATRegion2_region_sz        
00000000  __TI_ATRegion2_src_addr         
00000000  __TI_ATRegion2_trg_addr         
00002558  __TI_CINIT_Base                 
00002568  __TI_CINIT_Limit                
00002568  __TI_CINIT_Warm                 
00002544  __TI_Handler_Table_Base         
00002550  __TI_Handler_Table_Limit        
00001fe5  __TI_auto_init_nobinit_nopinit  
00001785  __TI_decompress_lzss            
00002313  __TI_decompress_none            
00001b41  __TI_ltoa                       
ffffffff  __TI_pprof_out_hndl             
000000c1  __TI_printfi                    
ffffffff  __TI_prof_data_size             
ffffffff  __TI_prof_data_start            
00000000  __TI_static_base__              
000022c1  __TI_zero_init_nomemset         
00000e97  __adddf3                        
000023d0  __aeabi_ctype_table_            
000023d0  __aeabi_ctype_table_C           
00001d8d  __aeabi_d2iz                    
00000e97  __aeabi_dadd                    
00001a21  __aeabi_dcmpeq                  
00001a5d  __aeabi_dcmpge                  
00001a71  __aeabi_dcmpgt                  
00001a49  __aeabi_dcmple                  
00001a35  __aeabi_dcmplt                  
0000127d  __aeabi_ddiv                    
0000148d  __aeabi_dmul                    
00000e8d  __aeabi_dsub                    
202000e4  __aeabi_errno                   
000023ad  __aeabi_errno_addr              
00002119  __aeabi_i2d                     
00001bf1  __aeabi_idiv                    
00001a1f  __aeabi_idiv0                   
00001bf1  __aeabi_idivmod                 
00001c47  __aeabi_ldiv0                   
00002205  __aeabi_llsl                    
000021bd  __aeabi_lmul                    
000023b5  __aeabi_memcpy                  
000023b5  __aeabi_memcpy4                 
000023b5  __aeabi_memcpy8                 
00002355  __aeabi_memset                  
00002355  __aeabi_memset4                 
00002355  __aeabi_memset8                 
00001ea9  __aeabi_uidiv                   
00001ea9  __aeabi_uidivmod                
000022d9  __aeabi_uldivmod                
00002205  __ashldi3                       
ffffffff  __binit__                       
00001951  __cmpdf2                        
0000127d  __divdf3                        
00001951  __eqdf2                         
00001d8d  __fixdfsi                       
00002119  __floatsidf                     
00001801  __gedf2                         
00001801  __gtdf2                         
00001951  __ledf2                         
00001951  __ltdf2                         
UNDEFED   __mpu_init                      
0000148d  __muldf3                        
000021bd  __muldi3                        
00002021  __muldsi3                       
00001951  __nedf2                         
20207e00  __stack                         
20200000  __start___llvm_prf_bits         
20200000  __start___llvm_prf_cnts         
20200000  __stop___llvm_prf_bits          
20200000  __stop___llvm_prf_cnts          
00000e8d  __subdf3                        
00001649  __udivmoddi4                    
00002195  _c_int00_noargs                 
UNDEFED   _system_post_cinit              
000023cb  _system_pre_init                
000023bd  abort                           
00001ee9  atoi                            
ffffffff  binit                           
00001ae5  frexp                           
00001ae5  frexpl                          
20200000  gPWM_0Backup                    
00002371  get_tick                        
00000000  interruptVectors                
202000f4  key_down                        
202000f5  key_old                         
00001d41  key_proc                        
202000f6  key_up                          
202000f7  key_val                         
00001571  ldexp                           
00001571  ldexpl                          
00001cf1  main                            
000021e1  memccpy                         
000016eb  memcpy                          
00001a83  memset                          
202000f0  now_cmp                         
00001571  scalbn                          
00001571  scalbnl                         
00001f29  scheduler_run                   
202000f2  task_count                      
00002335  toggle_led_proc                 
00001c49  uart0_printf                    
0000225d  uart0_send_char                 
202000f8  uart_data                       
202000e8  uwtick                          
00001f69  vsnprintf                       
00002345  wcslen                          


GLOBAL SYMBOLS: SORTED BY Symbol Address 

address   name                            
-------   ----                            
00000000  __TI_ATRegion0_region_sz        
00000000  __TI_ATRegion0_src_addr         
00000000  __TI_ATRegion0_trg_addr         
00000000  __TI_ATRegion1_region_sz        
00000000  __TI_ATRegion1_src_addr         
00000000  __TI_ATRegion1_trg_addr         
00000000  __TI_ATRegion2_region_sz        
00000000  __TI_ATRegion2_src_addr         
00000000  __TI_ATRegion2_trg_addr         
00000000  __TI_static_base__              
00000000  interruptVectors                
000000c1  __TI_printfi                    
00000200  __STACK_SIZE                    
00000e8d  __aeabi_dsub                    
00000e8d  __subdf3                        
00000e97  __adddf3                        
00000e97  __aeabi_dadd                    
0000101f  ADC0_IRQHandler                 
0000101f  ADC1_IRQHandler                 
0000101f  AES_IRQHandler                  
0000101f  CANFD0_IRQHandler               
0000101f  DAC0_IRQHandler                 
0000101f  DMA_IRQHandler                  
0000101f  Default_Handler                 
0000101f  GROUP0_IRQHandler               
0000101f  GROUP1_IRQHandler               
0000101f  HardFault_Handler               
0000101f  I2C0_IRQHandler                 
0000101f  I2C1_IRQHandler                 
0000101f  NMI_Handler                     
0000101f  PendSV_Handler                  
0000101f  RTC_IRQHandler                  
0000101f  SPI0_IRQHandler                 
0000101f  SPI1_IRQHandler                 
0000101f  SVC_Handler                     
0000101f  TIMA0_IRQHandler                
0000101f  TIMA1_IRQHandler                
0000101f  TIMG0_IRQHandler                
0000101f  TIMG12_IRQHandler               
0000101f  TIMG6_IRQHandler                
0000101f  TIMG7_IRQHandler                
0000101f  TIMG8_IRQHandler                
0000101f  UART1_IRQHandler                
0000101f  UART2_IRQHandler                
0000101f  UART3_IRQHandler                
0000127d  __aeabi_ddiv                    
0000127d  __divdf3                        
00001389  DL_Timer_initFourCCPWMMode      
0000148d  __aeabi_dmul                    
0000148d  __muldf3                        
00001571  ldexp                           
00001571  ldexpl                          
00001571  scalbn                          
00001571  scalbnl                         
00001649  __udivmoddi4                    
000016eb  memcpy                          
00001785  __TI_decompress_lzss            
00001801  __gedf2                         
00001801  __gtdf2                         
00001875  SYSCFG_DL_UART_0_init           
000018e5  SYSCFG_DL_PWM_0_init            
00001951  __cmpdf2                        
00001951  __eqdf2                         
00001951  __ledf2                         
00001951  __ltdf2                         
00001951  __nedf2                         
00001a1f  __aeabi_idiv0                   
00001a21  __aeabi_dcmpeq                  
00001a35  __aeabi_dcmplt                  
00001a49  __aeabi_dcmple                  
00001a5d  __aeabi_dcmpge                  
00001a71  __aeabi_dcmpgt                  
00001a83  memset                          
00001ae5  frexp                           
00001ae5  frexpl                          
00001b41  __TI_ltoa                       
00001bf1  __aeabi_idiv                    
00001bf1  __aeabi_idivmod                 
00001c47  __aeabi_ldiv0                   
00001c49  uart0_printf                    
00001cf1  main                            
00001d41  key_proc                        
00001d8d  __aeabi_d2iz                    
00001d8d  __fixdfsi                       
00001dd9  DL_UART_init                    
00001e21  SYSCFG_DL_GPIO_init             
00001e69  SYSCFG_DL_initPower             
00001ea9  __aeabi_uidiv                   
00001ea9  __aeabi_uidivmod                
00001ee9  atoi                            
00001f29  scheduler_run                   
00001f69  vsnprintf                       
00001fa9  SYSCFG_DL_SYSCTL_init           
00001fe5  __TI_auto_init_nobinit_nopinit  
00002021  __muldsi3                       
0000205d  SYSCFG_DL_SYSTICK_init          
000020ed  PWM_proc                        
00002119  __aeabi_i2d                     
00002119  __floatsidf                     
00002145  SYSCFG_DL_init                  
0000216d  UART0_IRQHandler                
00002195  _c_int00_noargs                 
000021bd  __aeabi_lmul                    
000021bd  __muldi3                        
000021e1  memccpy                         
00002205  __aeabi_llsl                    
00002205  __ashldi3                       
00002225  DL_Timer_setCaptCompUpdateMethod
00002241  DL_Timer_setClockConfig         
0000225d  uart0_send_char                 
00002279  DL_Timer_setCaptureCompareOutCtl
00002291  SysTick_Handler                 
000022c1  __TI_zero_init_nomemset         
000022d9  __aeabi_uldivmod                
00002301  DL_UART_setClockConfig          
00002313  __TI_decompress_none            
00002325  DL_Timer_setCaptureCompareValue 
00002335  toggle_led_proc                 
00002345  wcslen                          
00002355  __aeabi_memset                  
00002355  __aeabi_memset4                 
00002355  __aeabi_memset8                 
00002371  get_tick                        
0000237d  DL_Common_delayCycles           
000023ad  __aeabi_errno_addr              
000023b5  __aeabi_memcpy                  
000023b5  __aeabi_memcpy4                 
000023b5  __aeabi_memcpy8                 
000023bd  abort                           
000023c2  C$$EXIT                         
000023c3  HOSTexit                        
000023c7  Reset_Handler                   
000023cb  _system_pre_init                
000023d0  __aeabi_ctype_table_            
000023d0  __aeabi_ctype_table_C           
00002544  __TI_Handler_Table_Base         
00002550  __TI_Handler_Table_Limit        
00002558  __TI_CINIT_Base                 
00002568  __TI_CINIT_Limit                
00002568  __TI_CINIT_Warm                 
20200000  __start___llvm_prf_bits         
20200000  __start___llvm_prf_cnts         
20200000  __stop___llvm_prf_bits          
20200000  __stop___llvm_prf_cnts          
20200000  gPWM_0Backup                    
202000e4  __aeabi_errno                   
202000e8  uwtick                          
202000f0  now_cmp                         
202000f2  task_count                      
202000f4  key_down                        
202000f5  key_old                         
202000f6  key_up                          
202000f7  key_val                         
202000f8  uart_data                       
20207e00  __stack                         
20208000  __STACK_END                     
ffffffff  __TI_pprof_out_hndl             
ffffffff  __TI_prof_data_size             
ffffffff  __TI_prof_data_start            
ffffffff  __binit__                       
ffffffff  binit                           
UNDEFED   __mpu_init                      
UNDEFED   _system_post_cinit              

[163 symbols]
