******************************************************************************
            TI ARM Clang Linker PC v4.0.3                      
******************************************************************************
>> Linked Sat Jun 28 09:09:49 2025

OUTPUT FILE NAME:   <empty_LP_MSPM0G3507_nortos_ticlang.out>
ENTRY POINT SYMBOL: "_c_int00_noargs"  address: 00001fad


MEMORY CONFIGURATION

         name            origin    length      used     unused   attr    fill
----------------------  --------  ---------  --------  --------  ----  --------
  FLASH                 00000000   00020000  000022f8  0001dd08  R  X
  SRAM                  20200000   00008000  0000022b  00007dd5  RW X
  BCR_CONFIG            41c00000   000000ff  00000000  000000ff  R   
  BSL_CONFIG            41c00100   00000080  00000000  00000080  R   


SEGMENT ALLOCATION MAP

run origin  load origin   length   init length attrs members
----------  ----------- ---------- ----------- ----- -------
00000000    00000000    00002188   00002188    r-x
  00000000    00000000    000000c0   000000c0    r-- .intvecs
  000000c0    000000c0    000020c8   000020c8    r-x .text
00002190    00002190    00000170   00000170    r--
  00002190    00002190    00000140   00000140    r-- .rodata
  000022d0    000022d0    00000030   00000030    r-- .cinit
20200000    20200000    0000002b   00000000    rw-
  20200000    20200000    0000002b   00000000    rw- .data
20207e00    20207e00    00000200   00000000    rw-
  20207e00    20207e00    00000200   00000000    rw- .stack


SECTION ALLOCATION MAP

 output                                  attributes/
section   page    origin      length       input sections
--------  ----  ----------  ----------   ----------------
.intvecs   0    00000000    000000c0     
                  00000000    000000c0     startup_mspm0g350x_ticlang.o (.intvecs)

.text      0    000000c0    000020c8     
                  000000c0    000009d0     libc.a : _printfi.c.obj (.text:__TI_printfi)
                  00000a90    00000220            : _printfi.c.obj (.text._pconv_a)
                  00000cb0    000001dc            : _printfi.c.obj (.text._pconv_g)
                  00000e8c    00000192     libclang_rt.builtins.a : adddf3.S.obj (.text.adddf3_subdf3)
                  0000101e    00000002     startup_mspm0g350x_ticlang.o (.text.Default_Handler)
                  00001020    0000013c     libc.a : _printfi.c.obj (.text.fcvt)
                  0000115c    00000120            : _printfi.c.obj (.text._pconv_e)
                  0000127c    0000010c     libclang_rt.builtins.a : divdf3.S.obj (.text.__divdf3)
                  00001388    000000e4                            : muldf3.S.obj (.text.__muldf3)
                  0000146c    000000d8     libc.a : s_scalbn.c.obj (.text.scalbn)
                  00001544    000000a2     libclang_rt.builtins.a : udivmoddi4.S.obj (.text)
                  000015e6    0000009a     libc.a : memcpy16.S.obj (.text:memcpy)
                  00001680    0000007c            : copy_decompress_lzss.c.obj (.text:decompress:lzss)
                  000016fc    00000074     libclang_rt.builtins.a : comparedf2.c.obj (.text.__gedf2)
                  00001770    00000070     ti_msp_dl_config.o (.text.SYSCFG_DL_UART_0_init)
                  000017e0    00000068     libclang_rt.builtins.a : comparedf2.c.obj (.text.__ledf2)
                  00001848    00000066     libc.a : _printfi.c.obj (.text._mcpy)
                  000018ae    00000002     libclang_rt.builtins.a : aeabi_div0.c.obj (.text.__aeabi_idiv0)
                  000018b0    00000062                            : aeabi_dcmp.S.obj (.text.__aeabi_dcmp)
                  00001912    00000062     libc.a : memset16.S.obj (.text:memset)
                  00001974    0000005c            : s_frexp.c.obj (.text.frexp)
                  000019d0    00000058            : _ltoa.c.obj (.text.__TI_ltoa)
                  00001a28    00000058            : _printfi.c.obj (.text._pconv_f)
                  00001a80    00000056     libclang_rt.builtins.a : aeabi_idivmod.S.obj (.text.__aeabi_idivmod)
                  00001ad6    00000002                            : aeabi_div0.c.obj (.text.__aeabi_ldiv0)
                  00001ad8    00000054     my_uart.o (.text.uart0_printf)
                  00001b2c    00000052     libc.a : _printfi.c.obj (.text._ecpy)
                  00001b7e    00000002     --HOLE-- [fill = 0]
                  00001b80    00000050     empty.o (.text.main)
                  00001bd0    0000004c     key.o (.text.key_proc)
                  00001c1c    0000004a     libclang_rt.builtins.a : fixdfsi.S.obj (.text.__fixdfsi)
                  00001c66    00000002     --HOLE-- [fill = 0]
                  00001c68    00000048     driverlib.a : dl_uart.o (.text.DL_UART_init)
                  00001cb0    00000040     libclang_rt.builtins.a : aeabi_uidivmod.S.obj (.text.__aeabi_uidivmod)
                  00001cf0    00000040     libc.a : atoi.c.obj (.text.atoi)
                  00001d30    00000040     my_scheduler.o (.text.scheduler_run)
                  00001d70    00000040     libc.a : vsnprintf.c.obj (.text.vsnprintf)
                  00001db0    0000003c     ti_msp_dl_config.o (.text.SYSCFG_DL_SYSCTL_init)
                  00001dec    0000003c     libc.a : autoinit.c.obj (.text:__TI_auto_init_nobinit_nopinit)
                  00001e28    0000003a     libclang_rt.builtins.a : muldsi3.S.obj (.text.__muldsi3)
                  00001e62    00000002     --HOLE-- [fill = 0]
                  00001e64    00000034     ti_msp_dl_config.o (.text.SYSCFG_DL_initPower)
                  00001e98    00000030     ti_msp_dl_config.o (.text.SYSCFG_DL_GPIO_init)
                  00001ec8    00000030     ti_msp_dl_config.o (.text.SYSCFG_DL_SYSTICK_init)
                  00001ef8    00000030     libc.a : _printfi.c.obj (.text._fcpy)
                  00001f28    00000030            : vsnprintf.c.obj (.text._outs)
                  00001f58    0000002c     libclang_rt.builtins.a : floatsidf.S.obj (.text.__floatsidf)
                  00001f84    00000028     empty.o (.text.UART0_IRQHandler)
                  00001fac    00000028     libc.a : boot_cortex_m.c.obj (.text:_c_int00_noargs)
                  00001fd4    00000024     libclang_rt.builtins.a : muldi3.S.obj (.text.__muldi3)
                  00001ff8    00000022     libc.a : memccpy.c.obj (.text.memccpy)
                  0000201a    00000002     --HOLE-- [fill = 0]
                  0000201c    0000001e     libclang_rt.builtins.a : ashldi3.S.obj (.text.__ashldi3)
                  0000203a    00000002     --HOLE-- [fill = 0]
                  0000203c    0000001c     my_uart.o (.text.uart0_send_char)
                  00002058    00000018     ti_msp_dl_config.o (.text.SYSCFG_DL_init)
                  00002070    00000018     my_uwtick.o (.text.SysTick_Handler)
                  00002088    00000018     libc.a : vsnprintf.c.obj (.text._outc)
                  000020a0    00000014     libclang_rt.builtins.a : aeabi_uldivmod.S.obj (.text.__aeabi_uldivmod)
                  000020b4    00000014     libc.a : _printfi.c.obj (.text.strchr)
                  000020c8    00000012     driverlib.a : dl_uart.o (.text.DL_UART_setClockConfig)
                  000020da    00000012     libc.a : copy_decompress_none.c.obj (.text:decompress:none)
                  000020ec    00000010     my_led.o (.text.toggle_led_proc)
                  000020fc    00000010     libc.a : wcslen.c.obj (.text.wcslen)
                  0000210c    0000000e     libclang_rt.builtins.a : aeabi_memset.S.obj (.text.__aeabi_memset)
                  0000211a    0000000e     libc.a : _printfi.c.obj (.text.strlen)
                  00002128    0000000c     my_uwtick.o (.text.get_tick)
                  00002134    0000000a     driverlib.a : dl_common.o (.text.DL_Common_delayCycles)
                  0000213e    0000000a     libc.a : _printfi.c.obj (.text.OUTLINED_FUNCTION_0)
                  00002148    00000010     libclang_rt.builtins.a : adddf3.S.obj (.tramp.__aeabi_dsub.1)
                  00002158    0000000a     libc.a : _printfi.c.obj (.text.OUTLINED_FUNCTION_1)
                  00002162    00000002     --HOLE-- [fill = 0]
                  00002164    00000008            : aeabi_portable.c.obj (.text.__aeabi_errno_addr)
                  0000216c    00000008     libclang_rt.builtins.a : aeabi_memcpy.S.obj (.text.__aeabi_memcpy)
                  00002174    00000006     libc.a : exit.c.obj (.text:abort)
                  0000217a    00000004     libsysbm.a : hostexit.c.obj (.text.HOSTexit)
                  0000217e    00000004     startup_mspm0g350x_ticlang.o (.text.Reset_Handler)
                  00002182    00000004     libc.a : pre_init.c.obj (.text._system_pre_init)
                  00002186    00000002     --HOLE-- [fill = 0]

.cinit     0    000022d0    00000030     
                  000022d0    0000001a     (.cinit..data.load) [load image, compression = lzss]
                  000022ea    00000002     --HOLE-- [fill = 0]
                  000022ec    00000008     (__TI_handler_table)
                  000022f4    00000008     (__TI_cinit_table)
                  000022fc    00000004     --HOLE-- [fill = 0]

.rodata    0    00002190    00000140     
                  00002190    00000101     libc.a : aeabi_ctype.S.obj (.rodata:__aeabi_ctype_table_)
                  00002291    00000011            : _printfi.c.obj (.rodata.str1.10348868589481759720.1)
                  000022a2    00000011            : _printfi.c.obj (.rodata.str1.15363888844622738466.1)
                  000022b3    00000010     empty.o (.rodata.str1.9517790425240694019.1)
                  000022c3    00000001     --HOLE-- [fill = 0]
                  000022c4    0000000a     ti_msp_dl_config.o (.rodata.gUART_0Config)
                  000022ce    00000002     ti_msp_dl_config.o (.rodata.gUART_0ClockConfig)

.init_array 
*          0    00000000    00000000     UNINITIALIZED

.binit     0    00000000    00000000     

.data      0    20200000    0000002b     UNINITIALIZED
                  20200000    00000018     my_scheduler.o (.data.tasks)
                  20200018    00000008     my_uwtick.o (.data.uwtick)
                  20200020    00000004     libc.a : aeabi_portable.c.obj (.data.__aeabi_errno)
                  20200024    00000002     my_scheduler.o (.data.task_count)
                  20200026    00000001     key.o (.data.key_down)
                  20200027    00000001     key.o (.data.key_old)
                  20200028    00000001     key.o (.data.key_up)
                  20200029    00000001     key.o (.data.key_val)
                  2020002a    00000001     my_uart.o (.data.uart_data)

.stack     0    20207e00    00000200     UNINITIALIZED
                  20207e00    00000004     libc.a : boot_cortex_m.c.obj (.stack)
                  20207e04    000001fc     --HOLE--

__llvm_prf_cnts 
*          0    20200000    00000000     UNINITIALIZED

__llvm_prf_bits 
*          0    20200000    00000000     UNINITIALIZED

MODULE SUMMARY

       Module                         code   ro data   rw data
       ------                         ----   -------   -------
    .\
       ti_msp_dl_config.o             344    12        0      
       startup_mspm0g350x_ticlang.o   6      192       0      
       empty.o                        120    16        0      
    +--+------------------------------+------+---------+---------+
       Total:                         470    220       0      
                                                              
    .\my_includes\
       my_uart.o                      112    0         1      
       my_scheduler.o                 64     0         26     
       key.o                          76     0         4      
       my_uwtick.o                    36     0         8      
       my_led.o                       16     0         0      
    +--+------------------------------+------+---------+---------+
       Total:                         304    0         39     
                                                              
    C:/ti/mspm0_sdk_2_05_00_05/source/ti/driverlib/lib/ticlang/m0p/mspm0g1x0x_g3x0x/driverlib.a
       dl_uart.o                      90     0         0      
       dl_common.o                    10     0         0      
    +--+------------------------------+------+---------+---------+
       Total:                         100    0         0      
                                                              
    D:\TI_IDE\ccs\tools\compiler\ti-cgt-armllvm_4.0.3.LTS\lib\armv6m-ti-none-eabi/c/libc.a
       _printfi.c.obj                 4510   34        0      
       aeabi_ctype.S.obj              0      257       0      
       s_scalbn.c.obj                 216    0         0      
       memcpy16.S.obj                 154    0         0      
       vsnprintf.c.obj                136    0         0      
       copy_decompress_lzss.c.obj     124    0         0      
       memset16.S.obj                 98     0         0      
       s_frexp.c.obj                  92     0         0      
       _ltoa.c.obj                    88     0         0      
       atoi.c.obj                     64     0         0      
       autoinit.c.obj                 60     0         0      
       boot_cortex_m.c.obj            40     0         0      
       memccpy.c.obj                  34     0         0      
       copy_decompress_none.c.obj     18     0         0      
       wcslen.c.obj                   16     0         0      
       aeabi_portable.c.obj           8      0         4      
       exit.c.obj                     6      0         0      
       pre_init.c.obj                 4      0         0      
    +--+------------------------------+------+---------+---------+
       Total:                         5668   291       4      
                                                              
    D:\TI_IDE\ccs\tools\compiler\ti-cgt-armllvm_4.0.3.LTS\lib\armv6m-ti-none-eabi/c/libsysbm.a
       hostexit.c.obj                 4      0         0      
    +--+------------------------------+------+---------+---------+
       Total:                         4      0         0      
                                                              
    D:\TI_IDE\ccs\tools\compiler\ti-cgt-armllvm_4.0.3.LTS\lib\armv6m-ti-none-eabi/libclang_rt.builtins.a
       adddf3.S.obj                   418    0         0      
       divdf3.S.obj                   268    0         0      
       muldf3.S.obj                   228    0         0      
       comparedf2.c.obj               220    0         0      
       udivmoddi4.S.obj               162    0         0      
       aeabi_dcmp.S.obj               98     0         0      
       aeabi_idivmod.S.obj            86     0         0      
       fixdfsi.S.obj                  74     0         0      
       aeabi_uidivmod.S.obj           64     0         0      
       muldsi3.S.obj                  58     0         0      
       floatsidf.S.obj                44     0         0      
       muldi3.S.obj                   36     0         0      
       ashldi3.S.obj                  30     0         0      
       aeabi_uldivmod.S.obj           20     0         0      
       aeabi_memset.S.obj             14     0         0      
       aeabi_memcpy.S.obj             8      0         0      
       aeabi_div0.c.obj               4      0         0      
    +--+------------------------------+------+---------+---------+
       Total:                         1832   0         0      
                                                              
       Stack:                         0      0         512    
       Linker Generated:              0      42        0      
    +--+------------------------------+------+---------+---------+
       Grand Total:                   8378   553       555    


LINKER GENERATED COPY TABLES

__TI_cinit_table @ 000022f4 records: 1, size/record: 8, table size: 8
	.data: load addr=000022d0, load size=0000001a bytes, run addr=20200000, run size=0000002b bytes, compression=lzss


LINKER GENERATED HANDLER TABLE

__TI_handler_table @ 000022ec records: 2, size/record: 4, table size: 8
	index: 0, handler: __TI_decompress_lzss
	index: 1, handler: __TI_decompress_none


FAR CALL TRAMPOLINES

callee name               trampoline name
   callee addr  tramp addr   call addr  call info
--------------  -----------  ---------  ----------------
__aeabi_dsub              $Tramp$TT$L$PI$$__aeabi_dsub
   00000e8d     00002148     00002146   libc.a : _printfi.c.obj (.text.OUTLINED_FUNCTION_0)

[1 trampolines]
[1 trampoline calls]


GLOBAL SYMBOLS: SORTED ALPHABETICALLY BY Name 

address   name                          
-------   ----                          
0000101f  ADC0_IRQHandler               
0000101f  ADC1_IRQHandler               
0000101f  AES_IRQHandler                
0000217a  C$$EXIT                       
0000101f  CANFD0_IRQHandler             
0000101f  DAC0_IRQHandler               
00002135  DL_Common_delayCycles         
00001c69  DL_UART_init                  
000020c9  DL_UART_setClockConfig        
0000101f  DMA_IRQHandler                
0000101f  Default_Handler               
0000101f  GROUP0_IRQHandler             
0000101f  GROUP1_IRQHandler             
0000217b  HOSTexit                      
0000101f  HardFault_Handler             
0000101f  I2C0_IRQHandler               
0000101f  I2C1_IRQHandler               
0000101f  NMI_Handler                   
0000101f  PendSV_Handler                
0000101f  RTC_IRQHandler                
0000217f  Reset_Handler                 
0000101f  SPI0_IRQHandler               
0000101f  SPI1_IRQHandler               
0000101f  SVC_Handler                   
00001e99  SYSCFG_DL_GPIO_init           
00001db1  SYSCFG_DL_SYSCTL_init         
00001ec9  SYSCFG_DL_SYSTICK_init        
00001771  SYSCFG_DL_UART_0_init         
00002059  SYSCFG_DL_init                
00001e65  SYSCFG_DL_initPower           
00002071  SysTick_Handler               
0000101f  TIMA0_IRQHandler              
0000101f  TIMA1_IRQHandler              
0000101f  TIMG0_IRQHandler              
0000101f  TIMG12_IRQHandler             
0000101f  TIMG6_IRQHandler              
0000101f  TIMG7_IRQHandler              
0000101f  TIMG8_IRQHandler              
00001f85  UART0_IRQHandler              
0000101f  UART1_IRQHandler              
0000101f  UART2_IRQHandler              
0000101f  UART3_IRQHandler              
20208000  __STACK_END                   
00000200  __STACK_SIZE                  
00000000  __TI_ATRegion0_region_sz      
00000000  __TI_ATRegion0_src_addr       
00000000  __TI_ATRegion0_trg_addr       
00000000  __TI_ATRegion1_region_sz      
00000000  __TI_ATRegion1_src_addr       
00000000  __TI_ATRegion1_trg_addr       
00000000  __TI_ATRegion2_region_sz      
00000000  __TI_ATRegion2_src_addr       
00000000  __TI_ATRegion2_trg_addr       
000022f4  __TI_CINIT_Base               
000022fc  __TI_CINIT_Limit              
000022fc  __TI_CINIT_Warm               
000022ec  __TI_Handler_Table_Base       
000022f4  __TI_Handler_Table_Limit      
00001ded  __TI_auto_init_nobinit_nopinit
00001681  __TI_decompress_lzss          
000020db  __TI_decompress_none          
000019d1  __TI_ltoa                     
ffffffff  __TI_pprof_out_hndl           
000000c1  __TI_printfi                  
ffffffff  __TI_prof_data_size           
ffffffff  __TI_prof_data_start          
00000000  __TI_static_base__            
00000e97  __adddf3                      
00002190  __aeabi_ctype_table_          
00002190  __aeabi_ctype_table_C         
00001c1d  __aeabi_d2iz                  
00000e97  __aeabi_dadd                  
000018b1  __aeabi_dcmpeq                
000018ed  __aeabi_dcmpge                
00001901  __aeabi_dcmpgt                
000018d9  __aeabi_dcmple                
000018c5  __aeabi_dcmplt                
0000127d  __aeabi_ddiv                  
00001389  __aeabi_dmul                  
00000e8d  __aeabi_dsub                  
20200020  __aeabi_errno                 
00002165  __aeabi_errno_addr            
00001f59  __aeabi_i2d                   
00001a81  __aeabi_idiv                  
000018af  __aeabi_idiv0                 
00001a81  __aeabi_idivmod               
00001ad7  __aeabi_ldiv0                 
0000201d  __aeabi_llsl                  
00001fd5  __aeabi_lmul                  
0000216d  __aeabi_memcpy                
0000216d  __aeabi_memcpy4               
0000216d  __aeabi_memcpy8               
0000210d  __aeabi_memset                
0000210d  __aeabi_memset4               
0000210d  __aeabi_memset8               
00001cb1  __aeabi_uidiv                 
00001cb1  __aeabi_uidivmod              
000020a1  __aeabi_uldivmod              
0000201d  __ashldi3                     
ffffffff  __binit__                     
000017e1  __cmpdf2                      
0000127d  __divdf3                      
000017e1  __eqdf2                       
00001c1d  __fixdfsi                     
00001f59  __floatsidf                   
000016fd  __gedf2                       
000016fd  __gtdf2                       
000017e1  __ledf2                       
000017e1  __ltdf2                       
UNDEFED   __mpu_init                    
00001389  __muldf3                      
00001fd5  __muldi3                      
00001e29  __muldsi3                     
000017e1  __nedf2                       
20207e00  __stack                       
20200000  __start___llvm_prf_bits       
20200000  __start___llvm_prf_cnts       
20200000  __stop___llvm_prf_bits        
20200000  __stop___llvm_prf_cnts        
00000e8d  __subdf3                      
00001545  __udivmoddi4                  
00001fad  _c_int00_noargs               
UNDEFED   _system_post_cinit            
00002183  _system_pre_init              
00002175  abort                         
00001cf1  atoi                          
ffffffff  binit                         
00001975  frexp                         
00001975  frexpl                        
00002129  get_tick                      
00000000  interruptVectors              
20200026  key_down                      
20200027  key_old                       
00001bd1  key_proc                      
20200028  key_up                        
20200029  key_val                       
0000146d  ldexp                         
0000146d  ldexpl                        
00001b81  main                          
00001ff9  memccpy                       
000015e7  memcpy                        
00001913  memset                        
0000146d  scalbn                        
0000146d  scalbnl                       
00001d31  scheduler_run                 
20200024  task_count                    
000020ed  toggle_led_proc               
00001ad9  uart0_printf                  
0000203d  uart0_send_char               
2020002a  uart_data                     
20200018  uwtick                        
00001d71  vsnprintf                     
000020fd  wcslen                        


GLOBAL SYMBOLS: SORTED BY Symbol Address 

address   name                          
-------   ----                          
00000000  __TI_ATRegion0_region_sz      
00000000  __TI_ATRegion0_src_addr       
00000000  __TI_ATRegion0_trg_addr       
00000000  __TI_ATRegion1_region_sz      
00000000  __TI_ATRegion1_src_addr       
00000000  __TI_ATRegion1_trg_addr       
00000000  __TI_ATRegion2_region_sz      
00000000  __TI_ATRegion2_src_addr       
00000000  __TI_ATRegion2_trg_addr       
00000000  __TI_static_base__            
00000000  interruptVectors              
000000c1  __TI_printfi                  
00000200  __STACK_SIZE                  
00000e8d  __aeabi_dsub                  
00000e8d  __subdf3                      
00000e97  __adddf3                      
00000e97  __aeabi_dadd                  
0000101f  ADC0_IRQHandler               
0000101f  ADC1_IRQHandler               
0000101f  AES_IRQHandler                
0000101f  CANFD0_IRQHandler             
0000101f  DAC0_IRQHandler               
0000101f  DMA_IRQHandler                
0000101f  Default_Handler               
0000101f  GROUP0_IRQHandler             
0000101f  GROUP1_IRQHandler             
0000101f  HardFault_Handler             
0000101f  I2C0_IRQHandler               
0000101f  I2C1_IRQHandler               
0000101f  NMI_Handler                   
0000101f  PendSV_Handler                
0000101f  RTC_IRQHandler                
0000101f  SPI0_IRQHandler               
0000101f  SPI1_IRQHandler               
0000101f  SVC_Handler                   
0000101f  TIMA0_IRQHandler              
0000101f  TIMA1_IRQHandler              
0000101f  TIMG0_IRQHandler              
0000101f  TIMG12_IRQHandler             
0000101f  TIMG6_IRQHandler              
0000101f  TIMG7_IRQHandler              
0000101f  TIMG8_IRQHandler              
0000101f  UART1_IRQHandler              
0000101f  UART2_IRQHandler              
0000101f  UART3_IRQHandler              
0000127d  __aeabi_ddiv                  
0000127d  __divdf3                      
00001389  __aeabi_dmul                  
00001389  __muldf3                      
0000146d  ldexp                         
0000146d  ldexpl                        
0000146d  scalbn                        
0000146d  scalbnl                       
00001545  __udivmoddi4                  
000015e7  memcpy                        
00001681  __TI_decompress_lzss          
000016fd  __gedf2                       
000016fd  __gtdf2                       
00001771  SYSCFG_DL_UART_0_init         
000017e1  __cmpdf2                      
000017e1  __eqdf2                       
000017e1  __ledf2                       
000017e1  __ltdf2                       
000017e1  __nedf2                       
000018af  __aeabi_idiv0                 
000018b1  __aeabi_dcmpeq                
000018c5  __aeabi_dcmplt                
000018d9  __aeabi_dcmple                
000018ed  __aeabi_dcmpge                
00001901  __aeabi_dcmpgt                
00001913  memset                        
00001975  frexp                         
00001975  frexpl                        
000019d1  __TI_ltoa                     
00001a81  __aeabi_idiv                  
00001a81  __aeabi_idivmod               
00001ad7  __aeabi_ldiv0                 
00001ad9  uart0_printf                  
00001b81  main                          
00001bd1  key_proc                      
00001c1d  __aeabi_d2iz                  
00001c1d  __fixdfsi                     
00001c69  DL_UART_init                  
00001cb1  __aeabi_uidiv                 
00001cb1  __aeabi_uidivmod              
00001cf1  atoi                          
00001d31  scheduler_run                 
00001d71  vsnprintf                     
00001db1  SYSCFG_DL_SYSCTL_init         
00001ded  __TI_auto_init_nobinit_nopinit
00001e29  __muldsi3                     
00001e65  SYSCFG_DL_initPower           
00001e99  SYSCFG_DL_GPIO_init           
00001ec9  SYSCFG_DL_SYSTICK_init        
00001f59  __aeabi_i2d                   
00001f59  __floatsidf                   
00001f85  UART0_IRQHandler              
00001fad  _c_int00_noargs               
00001fd5  __aeabi_lmul                  
00001fd5  __muldi3                      
00001ff9  memccpy                       
0000201d  __aeabi_llsl                  
0000201d  __ashldi3                     
0000203d  uart0_send_char               
00002059  SYSCFG_DL_init                
00002071  SysTick_Handler               
000020a1  __aeabi_uldivmod              
000020c9  DL_UART_setClockConfig        
000020db  __TI_decompress_none          
000020ed  toggle_led_proc               
000020fd  wcslen                        
0000210d  __aeabi_memset                
0000210d  __aeabi_memset4               
0000210d  __aeabi_memset8               
00002129  get_tick                      
00002135  DL_Common_delayCycles         
00002165  __aeabi_errno_addr            
0000216d  __aeabi_memcpy                
0000216d  __aeabi_memcpy4               
0000216d  __aeabi_memcpy8               
00002175  abort                         
0000217a  C$$EXIT                       
0000217b  HOSTexit                      
0000217f  Reset_Handler                 
00002183  _system_pre_init              
00002190  __aeabi_ctype_table_          
00002190  __aeabi_ctype_table_C         
000022ec  __TI_Handler_Table_Base       
000022f4  __TI_CINIT_Base               
000022f4  __TI_Handler_Table_Limit      
000022fc  __TI_CINIT_Limit              
000022fc  __TI_CINIT_Warm               
20200000  __start___llvm_prf_bits       
20200000  __start___llvm_prf_cnts       
20200000  __stop___llvm_prf_bits        
20200000  __stop___llvm_prf_cnts        
20200018  uwtick                        
20200020  __aeabi_errno                 
20200024  task_count                    
20200026  key_down                      
20200027  key_old                       
20200028  key_up                        
20200029  key_val                       
2020002a  uart_data                     
20207e00  __stack                       
20208000  __STACK_END                   
ffffffff  __TI_pprof_out_hndl           
ffffffff  __TI_prof_data_size           
ffffffff  __TI_prof_data_start          
ffffffff  __binit__                     
ffffffff  binit                         
UNDEFED   __mpu_init                    
UNDEFED   _system_post_cinit            

[153 symbols]
